



               ’CurrentStockValuebyStore’               
                                                            
’Preparedby’tom                                       10
                                                            
                                                            
                                                            
Store Code      SUPPCO         STOCKNO      (PRICE*QUANTITY)
==========      ======      ==========      ================
CENT            S2                 103                  89.4
                                                            
                S3                 102                 69.87
                                   113                 43.34
                                   121                 28.35
                                   114                  3.78
                                                            
                S4                 111                 14.52
                                   109                  47.3
                                   115                  5.06
                                   107                 17.39
                                   106                  9.45
                                   108                  4.62
                                                            
**********      ******                      ----------------
sum                                                   333.08
                                                            
                                                            
                                                            
                                                            
IT              S2                 117                364.16
                                   116                 179.9
                                                            
                S3                 124                  89.1
                                                            
                S6                 118                230.93
                                                            
**********      ******                      ----------------
sum                                                   864.09
                                                            
                                                            
                                                            
                                                            
LEG             S3                 112                 62.05
                                   110                 20.56
                                                            
                S4                 129                 76.56
                                                            
                S5                 128                164.85
                                   127                 84.11
                                   126                 71.91
                               1                            




               ’CurrentStockValuebyStore’               
                                                            
’Preparedby’tom                                       10
                                                            
                                                            
                                                            
Store Code      SUPPCO         STOCKNO      (PRICE*QUANTITY)
==========      ======      ==========      ================
                                                            
**********      ******                      ----------------
sum                                                   480.04
                                                            
                                                            
                                                            
                                                            
TYP             S2                 104                 66.95
                                                            
                S3                 123                 68.64
                                   122                 99.04
                                                            
                S4                 105                217.35
                                                            
                S6                 119                599.75
                                                            
**********      ******                      ----------------
sum                                                  1051.73
                                                            
                                                            
                                                            
                                                            
WORK            S1                 138                 51.36
                                   137                  3.92
                                   135                  5.88
                                   134                 17.49
                                   132                 40.48
                                   131                 17.55
                                   130                  22.8
                                   139                  51.3
                                                            
**********      ******                      ----------------
sum                                                   210.78
                                                            
                                                            
                                                            
                                                            
                                            ----------------
sum                                                  2939.72
                                                            
                                                            
                               2                            
